[2J[01;01H[=3h[2J[01;01H[0m[35m[40m[0m[37m[40mBdsDxe: failed to load Boot0001 "UEFI QEMU DVD-ROM QM00003 " from PciRoot(0x0)/Pci(0x1,0x1)/Ata(Secondary,Master,0x0): Not Found
BdsDxe: loading Boot0002 "UEFI QEMU HARDDISK QM00001 " from PciRoot(0x0)/Pci(0x1,0x1)/Ata(Primary,Master,0x0)
BdsDxe: starting Boot0002 "UEFI QEMU HARDDISK QM00001 " from PciRoot(0x0)/Pci(0x1,0x1)/Ata(Primary,Master,0x0)
INFO : Framebuffer info: FrameBufferInfo { byte_len: 1921024, width: 800, height: 600, pixel_format: Bgr, bytes_per_pixel: 4, stride: 800 }
INFO : UEFI bootloader started
INFO : Using framebuffer at 0x80000000
INFO : Reading configuration from disk was successful
INFO : Trying to load ramdisk via Disk
INFO : Loaded ramdisk
TRACE: exiting boot services
TRACE: switching to new level 4 table
INFO : New page table at: PhysFrame[4KiB](0x101000)
INFO : Elf file loaded at Pointer {
    addr: 0x000000001cf24000,
    metadata: 21628184,
}
INFO : virtual_address_offset: 0x0
INFO : Handling Segment: Ph64(ProgramHeader64 { type_: Ok(Load), flags: Flags(5), offset: 1000, virtual_addr: ffffffff80000000, physical_addr: ffffffff80000000, file_size: 2b92e5, mem_size: 2b92e5, align: 1000 })
INFO : Handling Segment: Ph64(ProgramHeader64 { type_: Ok(Load), flags: Flags(4), offset: 2bb000, virtual_addr: ffffffff802ba000, physical_addr: ffffffff802ba000, file_size: 43344, mem_size: 43344, align: 1000 })
INFO : Handling Segment: Ph64(ProgramHeader64 { type_: Ok(Load), flags: Flags(6), offset: 2ff000, virtual_addr: ffffffff802fe000, physical_addr: ffffffff802fe000, file_size: 241e0, mem_size: 241e0, align: 1000 })
INFO : Entry point at: 0xffffffff80127ea0
INFO : Creating GDT at PhysAddr(0x12c000)
INFO : Map framebuffer
INFO : Map physical memory
INFO : Allocate bootinfo
INFO : Create Memory Map
INFO : Create bootinfo
INFO : Jumping to kernel entry point at VirtAddr(0xffffffff80127ea0)
[BOOT] memory::init...
[BOOT] memory::init done
[BOOT] fb=present
[BOOT] graphics=active
[BOOT] -> SARGA OS — Vahi Kernel v0.3.0 starting...
[SPLASH] SARGA OS loading...
[BOOT] frame allocator...
[BOOT] heap init...
[BOOT] gdt init...
[BOOT] idt+pic init...
[BOOT] syscalls init...
[BOOT] HAL init...
[BOOT] HAL init done
[BOOT] frame tracker init...
[BOOT] -> VAHI Frame Tracker: OK
[TRACE] test_memory_allocations entered
[TRACE] after first println
[TRACE] after Box::new
[TRACE] after small alloc test
[TRACE] after large alloc test
[TRACE] after vec test
[TRACE] after final println
[TRACE] before spin loop
[TRACE] after spin loop
[BOOT] ACPI init...
[ACPI] find_rsdp...
[ACPI] RSDP at 0x1fb7e014
[ACPI] loading tables...
[ACPI] tables loaded
[ACPI] platform_info...
[ACPI] got platform_info
[ACPI] LAPIC addr=0xfee00000
[BOOT] APIC init...
[APIC] LocalApic::new...
[APIC] new checking LAPIC_ADDR...
[APIC] LAPIC base=0xfee00000
[APIC] enable...
[APIC] init_timer...
[APIC] timer started
[APIC] lapic stored
[IOAPIC] set_redir idx=1 vec=33 dest=0
[IOAPIC] done
[IOAPIC] set_redir idx=12 vec=44 dest=0
[IOAPIC] done
[BOOT] SMP init...
[APIC] LocalApic::new...
[APIC] new checking LAPIC_ADDR...
[APIC] LAPIC base=0xfee00000
[APIC] enable...
[APIC] init_timer...
[APIC] timer started
[APIC] lapic stored
[BOOT] PS/2 init...
[PS2] kbd reset ack=0xfa
[PS2] kbd reset OK (waiting bat...)
[PS2] kbd bat=0xaa
[PS2] kbd set_defaults ack=0xfa
[PS2] kbd enable_scan ack=0xfa
[PS2] mouse reset ack=0xfa
[PS2] mouse bat=0xaa
[PS2] mouse device_id=0x0
[PS2] mouse set_defaults ack=0xfa
[PS2] mouse wheel_dev_id=0x3
[PS2] mouse scroll wheel detected!
[PS2] mouse enable_stream ack=0xfa
[BOOT] PCI enumerate...
  PCI Device: 00:00.0 Vendor:8086 Device:1237 Class:06.00 (if:00)
  PCI Device: 00:01.0 Vendor:8086 Device:7000 Class:06.01 (if:00)
  PCI Device: 00:02.0 Vendor:1234 Device:1111 Class:03.00 (if:00)
  PCI Device: 00:03.0 Vendor:8086 Device:100e Class:02.00 (if:00)
[IOAPIC] set_redir idx=11 vec=80 dest=0
[IOAPIC] done
[E1000] sts=80080783 icr=00000002 rdh=0 rdt=31 cur=0 dd=0
[BOOT] VFS init...
[BOOT] initrd from bootloader
[TARFS] parsed 237 entries
[BOOT] object manager init...
[BOOT] net init...
[BOOT] LSM init...
[BOOT] korlang init...
[BOOT] vahiai init...
[BOOT] -> SARGA OS: Graphical Console Mode Active!
[BOOT] RTC init...
[BOOT] RTC initialized
[BOOT] scheduler init...
[BOOT] GUI init...
[ASYNC] Async Executor Started.
[INIT] searching for /bin/init...
[DEMO] threading_demo: spawning two threads...
[DEMO] threading_demo: threads spawned, entering idle loop.
[thread-A] A
[thread-B] B
[thread-A] A
[thread-B] B
[thread-B] B
[thread-A] A
[thread-B] B
[thread-A] A
