[2J[01;01H[=3h[2J[01;01H[0m[35m[40m[0m[37m[40mBdsDxe: failed to load Boot0001 "UEFI QEMU DVD-ROM QM00003 " from PciRoot(0x0)/Pci(0x1,0x1)/Ata(Secondary,Master,0x0): Not Found
BdsDxe: loading Boot0002 "UEFI QEMU HARDDISK QM00001 " from PciRoot(0x0)/Pci(0x1,0x1)/Ata(Primary,Master,0x0)
BdsDxe: starting Boot0002 "UEFI QEMU HARDDISK QM00001 " from PciRoot(0x0)/Pci(0x1,0x1)/Ata(Primary,Master,0x0)
INFO : Framebuffer info: FrameBufferInfo { byte_len: 1921024, width: 800, height: 600, pixel_format: Bgr, bytes_per_pixel: 4, stride: 800 }
INFO : UEFI bootloader started
INFO : Using framebuffer at 0x80000000
INFO : Reading configuration from disk was successful
INFO : Trying to load ramdisk via Disk
INFO : Loaded ramdisk
TRACE: exiting boot services
TRACE: switching to new level 4 table
INFO : New page table at: PhysFrame[4KiB](0x101000)
INFO : Elf file loaded at Pointer {
    addr: 0x000000001cf20000,
    metadata: 21645472,
}
INFO : virtual_address_offset: 0x0
INFO : Handling Segment: Ph64(ProgramHeader64 { type_: Ok(Load), flags: Flags(5), offset: 1000, virtual_addr: ffffffff80000000, physical_addr: ffffffff80000000, file_size: 2ba005, mem_size: 2ba005, align: 1000 })
INFO : Handling Segment: Ph64(ProgramHeader64 { type_: Ok(Load), flags: Flags(4), offset: 2bc000, virtual_addr: ffffffff802bb000, physical_addr: ffffffff802bb000, file_size: 4332c, mem_size: 4332c, align: 1000 })
INFO : Handling Segment: Ph64(ProgramHeader64 { type_: Ok(Load), flags: Flags(6), offset: 300000, virtual_addr: ffffffff802ff000, physical_addr: ffffffff802ff000, file_size: 241e0, mem_size: 241e0, align: 1000 })
INFO : Entry point at: 0xffffffff80129fc0
INFO : Creating GDT at PhysAddr(0x12c000)
INFO : Map framebuffer
INFO : Map physical memory
INFO : Allocate bootinfo
INFO : Create Memory Map
INFO : Create bootinfo
INFO : Jumping to kernel entry point at VirtAddr(0xffffffff80129fc0)
[2J[01;01H[=3h[2J[01;01H[0m[35m[40m[0m[37m[40mBdsDxe: failed to load Boot0001 "UEFI QEMU DVD-ROM QM00003 " from PciRoot(0x0)/Pci(0x1,0x1)/Ata(Secondary,Master,0x0): Not Found
BdsDxe: loading Boot0002 "UEFI QEMU HARDDISK QM00001 " from PciRoot(0x0)/Pci(0x1,0x1)/Ata(Primary,Master,0x0)
BdsDxe: starting Boot0002 "UEFI QEMU HARDDISK QM00001 " from PciRoot(0x0)/Pci(0x1,0x1)/Ata(Primary,Master,0x0)
INFO : Framebuffer info: FrameBufferInfo { byte_len: 1921024, width: 800, height: 600, pixel_format: Bgr, bytes_per_pixel: 4, stride: 800 }
INFO : UEFI bootloader started
INFO : Using framebuffer at 0x80000000
INFO : Reading configuration from disk was successful
INFO : Trying to load ramdisk via Disk
INFO : Loaded ramdisk
TRACE: exiting boot services
TRACE: switching to new level 4 table
INFO : New page table at: PhysFrame[4KiB](0x101000)
INFO : Elf file loaded at Pointer {
    addr: 0x000000001cf3c000,
    metadata: 21645472,
}
INFO : virtual_address_offset: 0x0
INFO : Handling Segment: Ph64(ProgramHeader64 { type_: Ok(Load), flags: Flags(5), offset: 1000, virtual_addr: ffffffff80000000, physical_addr: ffffffff80000000, file_size: 2ba005, mem_size: 2ba005, align: 1000 })
INFO : Handling Segment: Ph64(ProgramHeader64 { type_: Ok(Load), flags: Flags(4), offset: 2bc000, virtual_addr: ffffffff802bb000, physical_addr: ffffffff802bb000, file_size: 4332c, mem_size: 4332c, align: 1000 })
INFO : Handling Segment: Ph64(ProgramHeader64 { type_: Ok(Load), flags: Flags(6), offset: 300000, virtual_addr: ffffffff802ff000, physical_addr: ffffffff802ff000, file_size: 241e0, mem_size: 241e0, align: 1000 })
INFO : Entry point at: 0xffffffff80129fc0
INFO : Creating GDT at PhysAddr(0x12c000)
INFO : Map framebuffer
INFO : Map physical memory
INFO : Allocate bootinfo
INFO : Create Memory Map
INFO : Create bootinfo
INFO : Jumping to kernel entry point at VirtAddr(0xffffffff80129fc0)
[2J[01;01H[=3h[2J[01;01H[0m[35m[40m[0m[37m[40mBdsDxe: failed to load Boot0001 "UEFI QEMU DVD-ROM QM00003 " from PciRoot(0x0)/Pci(0x1,0x1)/Ata(Secondary,Master,0x0): Not Found
BdsDxe: loading Boot0002 "UEFI QEMU HARDDISK QM00001 " from PciRoot(0x0)/Pci(0x1,0x1)/Ata(Primary,Master,0x0)
BdsDxe: starting Boot0002 "UEFI QEMU HARDDISK QM00001 " from PciRoot(0x0)/Pci(0x1,0x1)/Ata(Primary,Master,0x0)
